prop   endpoint                                     run   raw_bytes  gz_bytes  curl_ms rails_ms views_ms    db_ms    sql
8005   communities/8005/floorplates.json            cold       3022       980       90       43      0.3     16.2     28
8005   communities/8005/floorplates.json            warm       3022       988       99       47      0.4     16.2     28
8005   communities/8005/floorplans.json             cold       8907       945       73       22      0.7      7.8     10
8005   communities/8005/floorplans.json             warm       8907       936       64       15      0.7      5.2     10
8005   communities/8005/amenities.json              cold        775       501       58        8      0.2      1.8      5
8005   communities/8005/amenities.json              warm        775       501       60        9      0.2      1.8      5
8005   communities/8005/units.json                  cold     422647     13306      163      111     24.4     25.5     18
8005   communities/8005/units.json                  warm     422647     13302      149      104     23.8     22.4     18
8005   communities/8005/units.json?page=1&per_page=25 cold      31852      2004      100       55      2.2     26.3     26
8005   communities/8005/units.json?page=1&per_page=25 warm      31852      1999      100       50      2.0     24.7     26
8005   automate_plotting.json?community_id=8005     cold       1793       766       99       49      0.3     18.8     27
8005   automate_plotting.json?community_id=8005     warm       1793       765      103       51      0.3     17.0     27
8005   communities/8005/edit.json                   cold       2780      1207      127       60      0.5     28.5     21
8005   communities/8005/edit.json                   warm       2780      1207       79       27      0.4      8.6     21
1412   communities/1412/floorplates.json            cold       4776      1278       94       43      0.5     15.0     23
1412   communities/1412/floorplates.json            warm       4776      1280       75       31      0.4     10.9     23
1412   communities/1412/floorplans.json             cold      11569      1935       67       23      0.6      4.8     10
1412   communities/1412/floorplans.json             warm      11569      1936       68       17      0.7      4.9     10
1412   communities/1412/amenities.json              cold       9484      2469       86       38      0.6     13.5     15
1412   communities/1412/amenities.json              warm       9484      2471       75       23      0.5      5.5     15
1412   communities/1412/units.json                  cold     321791     17327      154      108     17.1     24.2     20
1412   communities/1412/units.json                  warm     321791     17324      149      102     22.6     23.5     20
1412   communities/1412/units.json?page=1&per_page=25 cold      38022      3205      106       54      2.0     24.1     28
1412   communities/1412/units.json?page=1&per_page=25 warm      38022      3211       95       51      1.9     22.6     28
1412   automate_plotting.json?community_id=1412     cold       6961      1704      131       79      1.0     25.1     33
1412   automate_plotting.json?community_id=1412     warm       6961      1704      100       51      0.6     16.1     33
1412   communities/1412/edit.json                   cold       2842      1251       79       28      0.4      8.5     20
1412   communities/1412/edit.json                   warm       2842      1251       69       25      0.3      7.4     20
1411   communities/1411/floorplates.json            cold       6021      1412      111       60      0.5     22.1     23
1411   communities/1411/floorplates.json            warm       6021      1410       92       43      0.5     15.4     23
1411   communities/1411/floorplans.json             cold      11259      1910       72       20      0.6      5.8     10
1411   communities/1411/floorplans.json             warm      11259      1903       70       17      0.6      5.1     10
1411   communities/1411/amenities.json              cold      13280      2878       71       27      0.9      6.7     17
1411   communities/1411/amenities.json              warm      13280      2876       71       24      0.8      6.5     17
1411   communities/1411/units.json                  cold     573706     38191      225      172     27.2     39.9     21
1411   communities/1411/units.json                  warm     573706     38194      206      159     25.9     36.8     21
1411   communities/1411/units.json?page=1&per_page=25 cold      52204      5007      100       55      2.5     24.8     29
1411   communities/1411/units.json?page=1&per_page=25 warm      52204      5011      110       59      2.7     24.5     29
1411   automate_plotting.json?community_id=1411     cold      45162      3970      127       77      2.9     30.3     33
1411   automate_plotting.json?community_id=1411     warm      45162      3972      108       62      2.6     24.5     33
1411   communities/1411/edit.json                   cold       2883      1299       80       30      0.4      9.6     20
1411   communities/1411/edit.json                   warm       2883      1299       81       29      0.4      8.6     20
1618   communities/1618/floorplates.json            cold      19412      2105       81       36      1.4     12.3     22
1618   communities/1618/floorplates.json            warm      19412      2105       85       38      1.2     12.0     22
1618   communities/1618/floorplans.json             cold      28787      3216       79       27      1.5      6.8     10
1618   communities/1618/floorplans.json             warm      28787      3216       65       20      1.3      6.4     10
1618   communities/1618/amenities.json              cold       8822      2592       71       21      0.5      5.3     14
1618   communities/1618/amenities.json              warm       8822      2593       71       20      0.5      5.2     14
1618   communities/1618/units.json                  cold     522954     41232      227      178     20.7     46.2     20
1618   communities/1618/units.json                  warm     522954     41226      218      174     22.3     43.3     20
1618   communities/1618/units.json?page=1&per_page=25 cold      44433      4508      101       56      2.1     26.4     28
1618   communities/1618/units.json?page=1&per_page=25 warm      44433      4509      114       63      2.2     26.6     28
1618   automate_plotting.json?community_id=1618     cold     108755      8325      138       92      5.9     31.9     57
1618   automate_plotting.json?community_id=1618     warm     108755      8324      144       96      6.1     31.3     57
1618   communities/1618/edit.json                   cold       3047      1380       84       32      0.4     10.3     20
1618   communities/1618/edit.json                   warm       3047      1380       80       29      0.4      7.9     20
4397   communities/4397/floorplates.json            cold        863       529       87       39      0.2     20.4     18
4397   communities/4397/floorplates.json            warm        863       526       77       26      0.2      8.9     18
4397   communities/4397/floorplans.json             cold      25085      2176       70       19      1.4      5.8     10
4397   communities/4397/floorplans.json             warm      25085      2175       66       21      2.0      4.5     10
4397   communities/4397/amenities.json              cold        770       500       51        7      0.1      1.4      5
4397   communities/4397/amenities.json              warm        770       499       63        9      0.2      1.6      5
4397   communities/4397/units.json                  cold      84991      4043       92       42      4.9     11.5     17
4397   communities/4397/units.json                  warm      84991      4052       87       42      5.2     12.0     17
4397   communities/4397/units.json?page=1&per_page=25 cold      29634      2182       93       44      1.9     18.4     25
4397   communities/4397/units.json?page=1&per_page=25 warm      29634      2181      103       50      2.3     18.8     25
4397   automate_plotting.json?community_id=4397     cold        972       567       80       28      0.2      7.7     19
4397   automate_plotting.json?community_id=4397     warm        972       563       73       27      0.2      7.1     19
4397   communities/4397/edit.json                   cold       2744      1186       66       21      0.3      5.9     18
4397   communities/4397/edit.json                   warm       2744      1186       64       19      0.3      5.9     18
1105   communities/1105/floorplates.json            cold       2286       932      136       83      0.4     61.0     23
1105   communities/1105/floorplates.json            warm       2286       934       81       31      0.3     11.0     23
1105   communities/1105/floorplans.json             cold      39314      2929       67       21      2.3      6.0     10
1105   communities/1105/floorplans.json             warm      39314      2927       76       24      2.1      6.4     10
1105   communities/1105/amenities.json              cold       8671      1937       72       23      0.6      8.8     14
1105   communities/1105/amenities.json              warm       8671      1936       71       21      0.6      5.1     14
1105   communities/1105/units.json                  cold     233068     10568      126       80     12.8     19.6     20
1105   communities/1105/units.json                  warm     233068     10574      121       76     13.4     16.2     20
1105   communities/1105/units.json?page=1&per_page=25 cold      29672      2312      102       57      1.7     31.2     28
1105   communities/1105/units.json?page=1&per_page=25 warm      29672      2315       93       48      2.0     21.1     28
1105   automate_plotting.json?community_id=1105     cold      34444      3645      119       66      2.5     23.9     29
1105   automate_plotting.json?community_id=1105     warm      34444      3648      104       52      1.9     16.2     29
1105   communities/1105/edit.json                   cold       2911      1292       84       33      0.4     10.9     21
1105   communities/1105/edit.json                   warm       2911      1292       71       26      0.3      6.5     21
bench exit=0
