PASS 8005 /Floor 1/ plan — {"svg":true,"svgViewBox":"0 0 1412 932","plotted":113,"background":{"natural":"1412x932","box":"left: 0%; top: 0%; width: 100%; height: 100%;"},"image":null,"missing":null,"backgroundError":null,"layerSwitch":[],"toolbarSub":"113 of 113 plotted","interFont":true,"planBox":"width: 715px; height: 472px"}
PASS 8005 /Floor 2/ plan — {"svg":true,"svgViewBox":"0 0 1412 932","plotted":110,"background":{"natural":"1412x932","box":"left: 0%; top: 0%; width: 100%; height: 100%;"},"image":null,"missing":null,"backgroundError":null,"layerSwitch":[],"toolbarSub":"110 of 110 plotted","interFont":true,"planBox":"width: 715px; height: 472px"}
PASS 8005 /Floor 3/ plan — {"svg":true,"svgViewBox":"0 0 1412 932","plotted":110,"background":{"natural":"1412x932","box":"left: 0%; top: 0%; width: 100%; height: 100%;"},"image":null,"missing":null,"backgroundError":null,"layerSwitch":[],"toolbarSub":"110 of 110 plotted","interFont":true,"planBox":"width: 715px; height: 472px"}
PASS 8005 Floor 1 units plotted on polygons — plotted polygons 113, toolbar "113 of 113 plotted", Inter font true
PASS 8005 Wayfinding stays on the SVG with the background — {"svg":true,"background":true}
PASS 8005 Floor 1 Detect Hallways — Hallways detected on 1 floorplate · 214 points, 322 paths | All buildings · Floor 1 Detected 214 points · 322 paths · traced from the walkway layer, with corridors inferred inside the building outlines · walkways and outlines read from the shared background map · 113 of 113 stops joined | before: 0 POINTS 0 PATHS 0/113 STOPS LINKED | after: 214 POINTS 322 PATHS 113/113 STOPS LINKED
PASS 8005 Floor 1 shortest path — {"route":"782 SVG units along the plan · 18 points 1 floor · shortest path in green This route uses 1 inferred point(s) not reviewed yet. ANIMATE ROUTE Point by point Moves through every hallway point on the path Stop by stop Glides between stops and pauses at each one Play Route Stop Walk on Floor 1 From 110","error":null}
PASS 8005 Floor 1 Detect again keeps the result — Nothing to detect | All buildings · Floor 1 Existing paths kept the paths on this page kept — not overwritten
FAIL script — locator.click: Timeout 30000ms exceeded.
Call log:
  - waiting for getByTestId('wf-undo')
    - locator resolved to <button disabled type="button" aria-label="Undo" data-testid="wf-undo" class="bo-wf__clear bo-wf__undo">…</button>
  - attempting click action
    2 × waiting for element to be visible, enabled and stable
      - element is not enabled
    - retrying click action
    - waiting 20ms
    2 × waiting for element to be visible, enabled and stable
      - element is not enabled
    - retrying click action
      - waiting 100ms
    58 × waiting for element to be visible, enabled and st

plan-svg requests:
  200 image/svg+xml; charset=utf-8 B /api/properties/8005/plan-svg?background=1 
  200 image/svg+xml; charset=utf-8 B /api/properties/8005/plan-svg?floorplate=4606 
  200 image/svg+xml; charset=utf-8 B /api/properties/8005/plan-svg?floorplate=4605 
  200 image/svg+xml; charset=utf-8 B /api/properties/8005/plan-svg?floorplate=4604 
PASS no non-GET requests
PASS no page errors
PASS no console errors

11/12 checks passed
